0: 7
1: 6(7)146 9(7)92
2: 1(9)84 3(6)239
3: 4(1)300 8(1)384 11(1)311 14(1)126 15(1)36
4: 0(14)174 2(8)291 5(8)328
5: 13(0)315
6: 10(13)84
7: 12(10)63
weight: 2973
