0: 2
1: 1(2)371
2: 6(1)324 7(1)68
3: 3(7)67
4: 5(3)480
5: 4(5)417
weight: 1727
