0: 84
1: 55(84)19 86(84)6 103(84)10
2: 157(103)14 172(103)10 180(86)0 184(103)4
3: 39(180)6 68(184)7 91(172)0 173(184)21 207(172)3 235(184)1
4: 17(235)1 52(68)1 177(68)5 229(207)11
5: 126(177)5 200(177)12 210(177)6 214(52)1
6: 15(210)0 42(126)16 77(200)8 78(126)3 101(126)6 107(126)0 120(126)5
7: 50(120)2 89(107)12 102(77)46 123(15)7 128(78)0 160(77)14 197(120)0 198(15)10 205(78)13 227(42)29
8: 26(197)5 49(160)31 53(123)6 71(205)14 109(128)9 118(123)13 163(89)13 190(123)9
9: 1(163)9 3(26)7 32(53)6 35(190)11 69(163)3 73(190)1 121(109)5 151(163)16 209(190)4 241(190)1 244(71)2 255(109)13
10: 11(121)9 18(35)1 28(3)3 30(35)2 67(3)1 79(1)3 88(32)6 94(73)5 113(209)10 125(151)18 140(241)15 166(35)0 168(35)9 174(255)0 212(241)3 213(69)16 223(151)9 239(32)1
11: 22(28)10 90(125)51 105(11)14 112(239)19 116(212)8 139(18)0 147(30)8 153(11)32 154(223)10 159(18)10 199(212)5 217(212)0 219(88)10 220(140)1 238(168)0 243(168)3
12: 27(243)6 29(116)6 37(22)0 38(217)11 66(154)0 96(147)0 100(147)1 104(217)6 134(159)10 141(22)2 143(238)6 144(112)7 146(139)0 150(147)18 181(22)3 192(147)9 222(199)7 224(159)4
13: 7(143)11 10(192)1 16(224)11 25(96)5 31(134)12 44(192)6 59(134)12 82(100)12 83(37)1 117(146)19 119(66)15 122(29)1 127(27)36 142(38)1 145(146)5 165(224)26 182(146)7 208(27)9 230(37)6 240(143)1 242(37)7
14: 2(31)20 4(240)0 6(82)13 19(240)3 34(117)14 40(230)19 41(25)12 45(31)22 56(242)9 58(7)11 72(230)33 98(25)0 129(240)6 149(122)24 158(10)3 162(10)7 170(59)3 183(16)8 189(145)10 195(242)2 201(230)7 203(230)10 228(230)15 252(182)2
15: 0(4)5 8(40)34 12(195)2 13(195)13 33(56)2 70(98)15 74(228)1 186(56)5 191(58)9 206(129)13 211(162)7 233(201)1 237(183)11
16: 46(206)3 64(70)13 81(233)24 95(237)17 99(186)4 115(206)7 130(211)9 131(13)4 135(186)4 136(233)7 148(12)19 164(186)7 169(13)17 185(33)10 231(13)2 236(191)2
17: 5(164)8 9(99)2 20(81)28 76(131)12 80(99)14 97(148)0 110(135)11 152(81)23 167(46)8 218(130)7 225(136)8 232(95)9
18: 75(9)11 93(80)9 132(110)17 175(232)6 178(5)14 188(225)10 202(110)13 234(80)9 248(9)16 249(152)17 253(9)3
19: 47(234)29 57(132)30 61(202)1 111(75)4 114(175)8 124(234)31 137(93)33 138(175)18 194(93)3 204(175)10 247(248)22 250(248)2
20: 14(194)5 21(61)16 43(111)20 54(250)7 62(111)0 92(204)6 161(194)6 216(247)12 221(138)13 226(114)13
21: 48(226)18 51(21)4 65(161)7 87(161)10 155(221)10 171(54)6 176(92)16 187(226)3 215(161)4 254(161)13
22: 23(155)0 60(155)9 108(254)9 133(48)0 246(187)6 251(215)1
23: 24(108)7 36(108)9 85(246)16 156(251)21 179(108)8 193(246)13 196(133)35 245(251)1
24: 63(24)14 106(85)1
weight: 2389
