0: 9
1: 1(9)390 5(9)432 6(9)51
2: 4(1)62
weight: 935
