0: 11
1: 26(11)18
2: 56(26)6
3: 0(56)9
4: 36(0)9
5: 49(36)2
6: 14(49)14
7: 53(14)53 63(14)12
8: 5(63)19 21(63)18 54(63)13
9: 4(5)19 22(54)6 39(5)18 40(54)9 55(54)0 60(21)14
10: 3(22)31 7(55)12 8(60)23 18(4)0 24(4)3 27(40)21 48(4)3 51(39)2 61(4)16
11: 23(7)2 29(61)11 31(48)13 37(24)4 45(48)12 46(51)10 57(51)14 58(61)30
12: 1(46)10 10(57)2 12(57)1 17(37)4 32(57)11 33(31)20 38(57)5 50(37)7 52(37)1
13: 2(12)69 6(38)13 16(17)14 19(50)13 34(17)9 42(10)21 44(12)8
14: 13(42)13 15(44)61 25(16)30 41(34)3 43(44)17 47(6)11
15: 20(43)21 35(13)27 62(41)2
16: 30(62)5
17: 9(30)21
18: 28(9)9
19: 59(28)9
weight: 883
