0: 62
1: 59(62)14 70(62)11
2: 16(59)21 95(59)9
3: 1(16)16 84(95)14 107(95)13
4: 28(107)17 87(84)9 88(1)17 92(107)6
5: 17(92)13 71(92)6 122(88)18
6: 2(122)5 27(71)6 81(17)4
7: 46(27)12 99(81)8
8: 101(46)10
9: 49(101)14
10: 50(49)6 54(49)6 76(49)17 86(49)3 96(49)2 120(49)1 123(49)1
11: 8(96)1 26(123)1 33(86)6 45(50)11 51(86)9 52(120)8 83(50)7 100(123)14 105(96)0 110(54)9
12: 0(45)10 4(100)0 14(105)4 22(52)9 34(83)7 41(45)5 77(100)4 85(100)15 90(52)0 93(52)7 111(33)7 113(51)8 117(110)19 121(8)2
13: 6(111)9 9(117)15 10(14)2 15(41)3 24(111)0 43(77)29 48(121)0 66(22)9 72(121)2 73(93)9 109(34)28 116(111)3 119(93)8 124(4)6
14: 3(72)24 12(48)15 13(15)11 19(119)5 21(124)14 36(48)7 44(24)9 53(9)10 56(15)25 64(6)12 69(72)1 89(15)21 97(116)0 102(66)2
15: 7(44)26 20(36)19 23(12)2 29(69)12 31(56)27 32(44)12 39(69)3 40(36)19 42(97)6 47(97)10 60(69)4 67(69)28 78(97)14 79(64)5 80(44)1 82(36)9 115(36)0 126(19)11
16: 30(82)14 35(126)3 37(32)6 65(47)6 68(80)12 75(47)4 91(78)9 94(82)6 103(82)3 104(23)1
17: 5(75)2 11(68)0 25(37)5 58(94)13 61(37)7 106(75)5 108(65)27 114(30)15
18: 55(114)8 74(25)22 98(11)6 112(5)0 125(11)5
19: 38(55)15 57(112)9 118(125)3
20: 18(57)9 63(38)40 127(57)0
weight: 1184
