0: 576
1: 664(576)5 718(576)1 904(576)0
2: 194(904)2 493(718)0 769(718)3
3: 11(194)0 39(493)3 250(493)2 334(493)0 556(493)5 787(769)1 807(493)4
4: 63(250)4 242(334)6 245(39)0 314(39)1 404(787)1 591(250)2 595(39)3 891(556)6 912(787)3
5: 116(404)11 269(595)0 416(404)4 445(912)1 512(595)3 533(912)6 568(245)4 621(404)1 689(591)1 942(63)7
6: 35(445)0 219(942)1 262(269)1 297(416)4 440(689)3 639(512)7 642(445)0 657(269)1 697(269)2 771(689)1
7: 82(657)3 247(642)18 280(35)1 432(642)3 491(771)1 652(657)2 749(771)2 851(440)3 990(771)0
8: 53(749)3 125(82)3 132(749)1 191(432)4 202(432)1 479(749)4 766(280)4 778(432)0 793(652)2 843(652)0 998(851)2
9: 124(479)4 190(843)3 246(132)1 343(125)1 553(793)4 740(778)4 857(202)2 929(191)1
10: 177(246)1 496(740)0 530(124)3 623(740)5 675(553)1 796(929)4 831(190)8 928(190)0 973(857)0
11: 337(177)0 345(496)3 673(177)3 774(177)0 882(796)3
12: 23(345)2 183(345)1 298(774)2 475(345)0 586(337)1 863(882)0 980(774)1
13: 33(183)5 97(23)1 249(298)2 303(586)3 590(863)1 654(298)0 733(475)1 797(298)0
14: 152(97)2 368(249)5 374(249)0 429(797)2 439(249)0 466(249)2 523(590)1 677(590)2 868(733)1 875(249)3 952(733)2 1001(249)4 1002(733)3
15: 6(875)2 37(875)1 235(466)2 305(152)4 323(429)2 477(952)3 521(429)1 531(677)1 541(875)4 560(466)0 636(374)2 707(875)4 780(439)0 908(677)0 956(374)0 959(466)2 978(429)2 1009(875)0
16: 28(560)1 69(37)1 79(541)1 96(1009)1 108(636)3 156(636)0 160(37)7 203(235)2 332(521)2 370(780)0 412(560)4 481(560)8 503(956)1 581(477)0 600(323)2 614(560)1 617(531)6 643(305)5 727(305)1 763(37)3 814(305)5 870(978)1 887(560)3 888(235)4 940(323)6 971(6)0
17: 17(28)1 31(203)1 75(503)0 103(370)4 129(332)1 154(503)3 255(600)13 265(332)2 279(332)1 294(600)0 349(814)5 500(814)4 505(370)7 564(69)2 631(332)5 647(156)3 666(763)1 731(887)1 751(643)0 813(332)0 841(108)6 853(503)0 864(940)0 893(370)3 941(870)0
18: 5(75)2 46(279)1 66(853)5 128(129)1 133(103)1 180(853)1 195(294)1 204(666)0 300(853)0 308(31)0 317(279)2 354(813)3 405(893)5 409(103)1 447(265)3 544(813)1 634(75)2 641(941)1 710(265)3 784(500)3 850(17)3 964(893)3 976(75)1
19: 92(641)3 134(641)2 143(133)5 330(850)0 406(641)2 410(133)1 419(195)1 452(133)1 551(976)3 645(204)1 690(634)1 698(308)3 724(5)2 732(710)2 789(634)0 812(964)3 827(964)2 830(300)5 852(317)2 867(300)2 955(409)1 995(634)0 1023(354)1
20: 27(812)6 36(789)2 40(690)8 99(1023)2 101(406)2 114(452)3 147(419)4 166(724)5 274(827)0 311(724)1 319(690)0 331(724)2 335(789)6 341(645)2 350(406)2 369(852)2 403(452)1 413(645)3 430(92)0 436(92)5 459(419)2 499(827)2 507(867)3 517(789)0 569(812)1 587(690)1 592(551)1 605(955)1 665(789)1 688(698)0 739(406)4 745(551)3 758(551)3 759(92)1 799(955)2 862(830)3 926(419)1 988(827)1
21: 3(319)3 34(319)7 98(36)5 135(436)5 149(988)0 182(739)1 197(688)1 214(403)5 240(459)0 244(369)3 273(413)1 284(459)0 321(166)3 342(350)0 375(459)5 393(758)0 435(274)1 456(350)4 478(459)2 497(758)2 506(799)0 527(517)0 529(459)2 561(331)6 606(36)3 610(403)2 613(101)6 615(926)0 637(665)2 646(331)7 656(517)1 659(274)1 734(688)1 737(507)0 828(688)2 856(988)0 866(311)0 871(413)4 873(369)0 901(335)8 933(101)1 949(605)0 967(350)2 974(341)15 977(413)3 1003(99)0 1012(413)1 1016(36)0
22: 47(949)3 60(3)3 67(375)1 153(342)0 161(527)1 176(866)9 229(149)4 252(637)2 295(529)1 299(497)4 315(478)2 355(856)2 371(529)2 385(737)1 392(656)0 394(873)0 411(656)1 453(529)0 454(610)9 482(149)0 501(734)1 538(244)0 573(506)1 578(284)2 593(606)4 598(321)0 608(435)7 655(606)3 683(656)2 692(637)1 694(967)5 702(967)1 705(615)0 720(527)0 781(3)3 790(933)4 804(527)14 806(606)2 829(977)2 847(561)6 957(933)3 960(527)7 996(478)4 1014(393)3
23: 15(593)10 32(315)1 50(790)2 68(683)1 70(720)3 73(229)4 113(47)3 144(299)5 150(392)4 155(578)1 157(355)5 184(578)2 188(781)3 228(252)2 238(392)5 258(355)2 271(161)1 290(957)5 329(1014)4 353(229)2 518(720)8 519(538)5 540(720)2 562(295)2 620(482)3 625(781)2 644(295)1 648(47)6 653(720)0 719(957)0 722(295)6 735(655)0 742(573)0 746(1014)2 753(1014)1 821(692)5 834(252)2 880(295)2 938(847)5 945(578)1 965(411)6 981(655)4 982(829)6 1000(957)3 1008(608)3 1017(683)1
24: 4(644)0 24(238)6 49(32)3 84(648)1 87(70)1 95(562)2 102(1017)2 158(32)3 199(1017)1 237(113)5 285(113)2 288(653)1 320(184)0 357(945)3 388(1017)3 407(155)4 426(32)7 427(753)3 446(228)0 457(746)5 462(50)0 463(981)3 468(150)1 504(653)0 526(644)5 542(155)2 555(188)3 574(620)2 583(834)1 618(653)11 629(735)2 650(620)2 693(981)7 717(32)1 723(1000)0 741(540)2 803(157)3 909(644)2 916(644)2 944(113)4 968(113)4 989(742)4
25: 13(944)3 19(457)7 20(989)6 30(583)1 58(427)2 106(629)3 131(968)4 169(583)0 186(87)2 198(87)4 201(4)2 223(989)0 224(102)0 230(288)1 239(320)1 276(199)0 338(199)3 339(95)4 344(4)1 381(102)1 382(87)4 417(574)2 437(723)2 441(4)0 472(446)0 487(717)1 492(285)0 508(320)2 513(542)10 535(285)1 554(583)0 594(24)1 607(504)8 658(95)0 695(629)2 701(504)1 711(388)0 716(803)3 728(407)4 816(526)0 861(583)3 869(650)2 939(95)10 950(741)0 972(49)0 986(542)4 1013(542)0 1019(320)4
26: 0(230)6 16(230)2 38(658)2 51(186)2 77(1013)3 85(472)2 94(1013)1 118(276)3 162(30)2 167(508)3 175(607)0 185(437)2 206(701)6 208(950)1 222(344)0 346(861)0 347(658)2 377(716)6 422(58)0 461(230)1 489(230)0 552(658)0 559(169)1 570(58)3 580(869)4 585(1013)3 588(701)18 630(169)2 635(728)1 649(701)3 672(441)9 680(1013)2 700(344)1 704(711)1 767(492)1 772(201)2 835(554)1 838(344)2 846(437)1 902(492)0 914(338)3 934(186)2 948(1013)1 962(508)1 1004(381)1
27: 44(85)3 56(222)0 65(934)0 83(222)0 136(347)1 140(94)4 178(461)4 192(1004)0 193(700)0 218(914)2 231(846)7 236(38)2 243(635)3 263(962)4 282(38)4 307(680)1 324(347)4 364(162)3 376(185)2 399(51)0 420(94)0 443(422)2 465(835)0 476(962)1 488(51)5 514(680)3 515(489)0 516(0)5 525(16)3 537(570)0 539(680)2 543(222)3 546(208)1 571(85)2 579(222)0 632(962)2 714(51)2 747(700)0 768(185)3 770(208)2 788(588)15 811(962)9 836(16)1 849(461)1 884(948)0 923(1004)1 931(838)0 943(461)1 983(680)0
28: 22(983)0 61(632)2 62(515)4 81(747)0 91(488)7 145(420)10 148(714)2 159(543)3 171(546)2 173(44)4 181(465)0 196(282)9 220(836)0 251(476)5 268(364)0 322(543)1 328(546)0 340(983)0 367(263)5 387(770)1 408(465)3 444(83)2 449(420)0 450(65)1 467(476)4 502(307)4 509(44)1 528(307)3 549(770)2 563(44)2 572(193)1 584(884)6 599(136)7 604(443)12 622(571)7 668(192)5 669(931)1 685(931)3 699(307)0 703(983)0 755(263)0 794(543)1 800(747)6 809(136)6 839(931)0 845(571)1 848(307)1 877(884)0 892(443)2 900(465)0 920(714)2 984(307)2 985(546)4 993(218)6 1021(931)0
29: 41(572)6 55(900)0 71(920)2 72(340)5 100(699)7 110(220)4 127(892)0 259(340)3 260(599)0 267(322)2 281(387)2 283(61)1 289(268)4 291(1021)1 310(444)2 318(181)3 325(572)1 351(699)4 361(220)0 386(699)3 451(984)1 460(340)2 486(387)3 495(387)3 520(549)1 536(892)0 545(845)0 558(81)9 567(340)9 589(549)4 609(892)4 626(549)0 662(1021)5 686(408)5 691(171)0 706(171)0 709(387)5 721(220)0 765(839)2 801(444)1 818(877)1 822(755)3 840(572)1 842(251)3 876(509)1 917(171)2 927(755)6 946(993)8 969(839)1 992(220)6 994(387)3 1005(848)1 1022(148)0
30: 1(801)1 7(520)0 43(283)2 45(969)1 52(283)7 126(765)3 163(283)3 165(662)3 168(691)4 170(626)6 211(520)0 216(691)2 248(545)3 261(840)1 286(361)6 292(662)4 301(709)7 327(310)2 363(520)3 389(1005)3 424(765)3 442(520)0 464(721)2 484(840)2 490(917)4 498(318)2 511(917)1 547(386)5 601(520)2 663(840)2 715(709)0 730(818)4 756(100)5 785(840)0 824(460)0 854(1005)2 865(691)0 890(55)0 895(545)0 905(289)0 970(818)1 1010(460)6
31: 2(663)2 42(663)1 54(663)21 80(216)3 86(363)0 93(442)3 107(854)0 119(126)2 138(327)2 146(895)2 174(1010)6 207(601)2 215(327)1 270(248)5 277(327)1 358(43)6 373(484)4 383(301)3 384(905)6 395(547)1 418(905)0 470(905)0 548(824)17 577(168)5 582(363)3 596(165)16 597(261)2 661(363)3 674(211)0 678(547)4 729(45)1 757(45)1 775(170)1 792(1)2 802(490)6 817(663)2 832(601)2 878(7)2 879(163)2 910(7)2 930(484)2 937(1)1 1011(824)8 1015(327)8
32: 12(373)3 64(802)1 74(582)5 104(42)2 109(93)3 112(832)0 120(373)4 187(119)0 189(878)3 217(878)1 304(910)0 312(146)3 372(207)0 396(93)1 397(146)3 458(207)0 494(757)1 534(93)2 557(832)0 566(146)2 575(86)3 612(661)2 619(277)1 696(418)1 750(930)2 786(277)5 791(93)1 825(937)6 833(597)3 855(42)1 858(878)1 897(138)2 898(277)2 935(2)2 987(879)10
33: 18(750)1 76(304)2 139(458)2 141(112)8 226(304)1 227(612)1 256(304)2 257(217)5 278(786)0 296(74)2 316(575)1 359(750)6 360(112)0 362(397)1 428(74)0 473(312)0 524(396)3 565(534)1 616(397)4 628(791)0 660(458)2 670(312)2 676(935)2 743(458)8 761(217)4 764(898)0 777(397)0 805(750)2 815(898)2 820(458)9 837(897)1 844(534)1 906(696)3 907(372)1 936(696)3 951(534)1 953(104)0 999(619)6 1007(833)3 1018(897)5
34: 26(951)4 48(815)3 151(670)1 205(628)4 209(670)3 253(362)5 302(805)0 348(805)0 380(628)3 391(953)2 433(953)0 483(676)0 510(815)0 550(670)1 638(359)4 640(951)3 651(907)2 671(227)2 687(1018)2 708(805)4 762(761)3 779(844)0 798(226)3 808(18)2 823(999)6 859(360)1 872(473)8 921(473)2 1006(936)3
35: 14(391)3 172(779)0 212(26)2 266(151)0 272(798)0 402(391)0 438(48)0 485(708)5 624(550)3 679(762)3 712(808)0 713(348)5 738(348)5 744(483)1 795(640)1 881(433)3 883(348)2 885(651)0 889(708)1 918(762)0 963(433)2
36: 9(266)1 10(14)0 21(795)0 88(624)2 123(744)8 221(438)4 225(679)1 254(438)5 264(679)1 423(14)3 448(744)1 469(712)2 522(889)1 627(172)5 682(266)4 725(272)2 736(14)1 752(885)0 810(712)2 826(963)5 896(212)6 924(795)4 925(212)2 975(885)2 997(712)0 1020(438)2
37: 8(88)4 25(469)2 121(469)4 142(1020)3 233(221)0 275(469)0 293(752)3 306(975)3 365(997)5 398(10)3 415(725)1 425(423)3 455(736)3 667(1020)2 726(9)4 748(1020)2 773(448)6 783(925)6 915(925)9 919(975)6
38: 29(275)3 78(142)5 117(667)1 122(25)1 234(293)15 241(142)2 352(293)1 378(275)0 401(726)6 760(748)2 776(8)1 860(142)1 899(455)0
39: 57(378)6 90(860)5 130(122)0 164(899)1 179(241)2 213(78)0 313(378)1 480(401)8 532(352)4 602(122)3 681(352)2 782(760)1 874(117)4 886(760)7 903(378)1 911(29)5 961(899)4 991(122)2
40: 111(130)3 210(130)0 287(213)2 309(130)0 333(602)4 336(130)5 390(991)2 400(874)1 431(874)1 434(961)5 603(90)6 684(179)7 894(886)8 913(130)4 958(130)0
41: 89(958)1 137(333)0 200(210)3 414(894)4 633(309)0 819(958)3 954(309)1 979(603)8
42: 232(89)1 326(819)0 366(89)1 421(633)1 932(819)10
43: 59(421)0 471(366)0
44: 105(471)2 922(471)0
45: 379(105)0 474(105)5 611(105)5 754(922)2 947(105)0
46: 115(754)3 356(379)4 966(611)4
weight: 2575
