0: 7
1: 1(7)186 25(7)26
2: 6(25)66 29(25)55 31(25)57
3: 10(31)37 11(31)13 12(29)13 19(29)15 24(31)2
4: 0(24)150 2(11)155 3(19)40 4(12)73 9(24)53 18(12)80 27(24)14 30(12)94
5: 14(4)38 16(9)21 20(9)48 21(27)121 22(18)43 23(4)25 26(4)0
6: 5(23)0 8(20)37 15(26)130 17(26)66
7: 13(5)81 28(5)85
weight: 1824
