0: 232
1: 271(232)2 481(232)3
2: 137(271)3 225(271)1 406(271)4 434(271)1
3: 116(225)2 287(225)0 387(434)0
4: 38(287)2 88(387)2 207(387)0 361(387)2 362(387)1 503(387)1
5: 52(207)0 57(38)0 59(361)0 71(88)0 79(362)0 113(362)1 136(38)2 200(362)4 280(362)4 372(503)3 491(503)0
6: 14(57)1 62(136)1 109(79)0 241(59)2 251(59)2 275(200)0 299(59)0 348(71)0 353(71)0 381(52)1 407(200)0 477(136)2
7: 39(381)4 96(299)0 107(381)0 247(299)0 263(109)1 300(241)1 317(477)2 322(62)1 446(62)0 474(348)0 495(62)0 500(109)0 509(109)1
8: 54(509)1 61(107)1 70(300)3 93(322)1 114(96)1 121(107)0 125(495)0 147(446)1 158(263)0 185(96)1 268(96)1 357(317)0 391(96)1 417(509)1 422(96)2 438(263)1 439(474)2 475(446)11 489(474)0 490(107)2
9: 26(439)3 63(417)2 68(147)0 89(185)3 92(114)1 122(417)1 123(268)3 142(439)2 157(417)1 167(489)2 171(357)0 205(422)0 233(93)1 237(391)0 238(125)4 315(391)1 325(70)2 340(185)4 367(147)2 392(438)1 402(158)1 467(114)1 478(490)1 479(114)4 483(54)2 497(70)2
10: 8(402)4 9(171)1 18(340)5 67(233)3 104(171)1 148(68)1 153(237)2 156(26)2 174(233)0 192(92)0 195(315)0 199(467)1 211(315)0 217(478)0 224(237)6 227(171)0 236(122)2 267(467)4 312(233)4 336(392)0 366(68)2 378(92)1 390(89)3 423(122)1 431(467)4 442(142)0 460(233)1 466(122)3 468(315)0 486(171)2
11: 30(486)0 43(486)3 55(366)1 78(236)3 102(423)4 115(211)2 118(366)2 124(267)2 129(9)1 141(378)1 144(8)1 190(104)1 203(67)2 210(153)3 216(423)1 218(195)0 239(431)3 244(156)0 254(192)3 266(460)0 274(423)0 279(153)7 292(423)1 295(192)0 297(366)0 308(9)4 313(192)0 316(217)7 341(366)0 377(156)2 393(104)6 432(336)0
12: 2(203)1 17(144)0 37(55)1 46(292)0 50(377)1 73(313)3 90(55)2 98(141)2 106(432)2 120(297)3 134(190)3 149(30)3 159(218)1 166(341)0 189(254)3 204(144)1 209(30)0 231(244)4 249(118)2 253(308)1 256(78)0 286(295)2 290(43)2 311(118)3 323(292)0 349(78)0 384(313)1 385(43)1 386(210)0 409(55)0 430(274)0 492(141)6 511(141)6
13: 22(249)3 77(384)2 101(409)1 131(149)1 133(385)0 145(46)3 151(311)2 161(159)3 169(290)1 183(385)2 228(409)6 245(323)2 265(249)2 291(349)0 303(386)1 306(386)1 314(189)1 324(37)1 327(386)5 331(385)3 339(134)0 359(134)1 373(17)4 396(2)1 414(50)2 416(209)3 427(189)0 429(37)0 436(256)3 450(386)0 452(90)6 458(256)0 469(492)9 472(98)1 493(209)8 501(209)5 504(323)4
14: 3(324)3 5(416)2 27(339)2 44(169)1 49(331)4 60(458)2 75(472)1 76(265)4 85(245)2 86(396)1 130(183)3 139(245)0 160(22)2 178(183)1 179(414)1 184(145)3 208(131)0 235(472)3 243(169)0 255(450)5 276(414)0 284(359)2 285(339)0 293(427)1 305(245)0 369(183)3 399(303)2 408(339)1 415(339)2 421(131)0 424(131)7 437(131)2 473(145)2 485(306)2 496(133)1 502(429)1
15: 1(178)0 28(85)5 45(75)11 82(235)3 154(502)1 155(408)6 165(208)1 170(284)3 172(130)2 180(3)1 191(178)0 223(160)1 226(49)1 242(284)3 250(473)3 262(208)2 269(60)3 273(293)2 283(139)0 289(75)0 302(235)4 334(27)2 335(60)2 337(3)7 344(437)2 365(399)1 370(86)2 376(305)3 380(3)8 426(44)0 444(496)2 482(85)5
16: 16(1)1 34(482)7 48(154)0 53(444)0 65(334)2 135(289)3 140(334)4 164(1)3 177(250)5 181(337)5 219(335)3 222(165)5 248(250)3 252(223)0 257(365)2 261(302)4 282(344)3 307(444)0 329(289)1 346(165)0 347(154)0 352(337)2 382(289)2 455(250)0 459(302)2 462(250)3 480(1)0
17: 6(65)4 7(282)2 74(382)3 81(248)1 87(164)0 105(382)5 138(347)1 163(48)0 182(282)0 215(219)3 264(34)0 296(219)0 301(329)2 358(347)8 368(329)2 383(48)5 388(455)1 403(16)0 419(347)7 435(48)0 471(282)1
18: 58(182)3 64(296)3 83(296)0 91(301)0 97(383)4 162(6)1 173(138)2 176(215)0 201(74)3 202(368)2 310(368)1 375(81)3 428(301)2 449(301)0 451(301)4 457(435)1 499(138)1 507(138)0
19: 11(83)0 20(97)8 35(310)1 69(64)2 99(201)1 111(375)3 150(176)3 194(91)4 240(375)4 246(457)1 258(83)2 270(91)2 319(173)9 328(91)2 354(202)1 360(507)1 398(310)2 413(176)2 441(457)1 464(173)1 488(202)6 494(162)2
20: 4(413)0 33(246)1 51(328)2 56(413)1 100(354)2 112(441)3 117(464)0 168(354)4 187(99)3 196(398)2 214(99)1 220(246)0 234(441)0 277(398)4 281(111)6 288(35)2 338(464)7 389(11)4 410(35)0 425(270)2 448(35)0 453(328)5 456(20)5 461(99)3
21: 10(196)2 12(461)1 13(100)1 25(100)3 31(288)3 41(117)2 47(288)6 66(196)3 119(461)4 126(33)2 127(196)1 128(51)4 146(4)5 197(187)2 198(220)3 272(461)0 318(234)0 333(4)5 343(196)0 355(220)3 374(448)3 397(56)2 401(4)4 404(33)0 420(288)0 447(448)0 508(168)1
22: 32(272)2 36(119)4 40(404)3 108(397)2 143(12)3 260(272)0 321(126)2 330(197)1 363(13)0 364(25)1 371(397)0 379(10)0 411(126)0 412(66)0 443(343)2 465(343)0 470(420)7 498(41)0 510(13)0
23: 15(321)0 103(465)0 175(260)3 193(510)1 213(379)3 309(443)0 332(108)5 405(412)0 418(364)3 433(371)2 440(498)2 505(364)7 506(143)1
24: 19(193)2 21(405)2 24(15)2 29(103)3 72(175)3 80(213)3 206(418)1 212(213)3 298(405)4 326(213)6 395(103)0 445(193)1 454(15)2 484(15)5
25: 42(212)3 95(395)0 132(19)3 186(395)1 230(445)0 294(445)4 320(206)3 342(395)2 345(212)0 351(24)4 356(24)0 400(24)2 463(29)2 487(445)2
26: 0(351)6 94(356)4 110(345)3 152(42)1 221(400)2 229(463)1 259(345)4 350(320)0 394(400)1
27: 84(221)2 278(350)0 476(94)2
28: 188(476)0
29: 23(188)1 304(188)0
weight: 991
