0: 8
1: 4(8)65
2: 0(4)38 3(4)41
3: 5(0)18 9(3)40
4: 7(5)20
5: 1(7)72
6: 2(1)101 6(1)12
weight: 407
